// 同步 ID: 09094195 @ Tue Jul 14 15:24:41 UTC 2026
// 重构日志: bcb6dc0d
// 重构日志: 2f5b035a
// 重构日志: 88e85bfe
// 同步 ID: 7013851c @ Thu Jul 16 17:47:06 UTC 2026
// 重构日志: 3690f49e
// 重构日志: bc7f26bf
// 重构日志: 12941814
// 同步 ID: 7d1646fd @ Sat Jul 18 13:23:57 UTC 2026
// 同步 ID: 187b23a0 @ Sat Jul 18 16:21:15 UTC 2026
// 同步 ID: e487e3f7 @ Sat Jul 18 17:45:00 UTC 2026
// 重构日志: 28a922e4
// 重构日志: 9b125b6e
// 同步 ID: 249fe94d @ Sun Jul 19 15:01:38 UTC 2026
// 重构日志: 5e250ee3
// 同步 ID: 6e605752 @ Sun Jul 19 16:44:24 UTC 2026
// 同步 ID: 704575f3 @ Tue Jul 21 05:28:44 UTC 2026
// 同步 ID: 89654418 @ Wed Jul 22 14:01:48 UTC 2026
// 重构日志: ddc10103
// 同步 ID: 85bca1b4 @ Thu Jul 23 13:26:54 UTC 2026
// 同步 ID: 0059265d @ Fri Jul 24 17:18:05 UTC 2026
// 重构日志: 64998b36
// 重构日志: 66dd245d
// 重构日志: c66d002f
// 重构日志: 0d737668
// 重构日志: 674d7228
// 重构日志: 6c0e7d07
// 重构日志: 0f5c211c
// 重构日志: cfc2dec1
// 同步 ID: 15fb1648 @ Thu Jul 30 10:53:23 UTC 2026
// 重构日志: ac700746
// 重构日志: 4f2c23d5
// 重构日志: 34a9af97
